// Jest Snapshot v1, https://goo.gl/fbAQLP

exports[`NotFoundPage component Snapshot component should fully render 1`] = `
ShallowWrapper {
  "length": 1,
  Symbol(enzyme.__root__): [Circular],
  Symbol(enzyme.__unrendered__): <NotFoundPage />,
  Symbol(enzyme.__renderer__): Object {
    "batchedUpdates": [Function],
    "getNode": [Function],
    "render": [Function],
    "simulateEvent": [Function],
    "unmount": [Function],
  },
  Symbol(enzyme.__node__): Object {
    "instance": null,
    "key": undefined,
    "nodeType": "host",
    "props": Object {
      "children": Array [
        <ReduxForm />,
        <div
          className="current-page btn-buttons"
        >
          <BtnCurrent />
        </div>,
        <div
          className="col-md-12 error-msg"
        >
          <h1>
            404! Page Not Found
          </h1>
          <Link
            className="btn btn-primary btn-manage"
            onlyActiveOnIndex={false}
            style={Object {}}
            to="/"
          >
            <i
              className="fa fa-home"
            />
             Homepage
          </Link>
        </div>,
        <Footer />,
      ],
    },
    "ref": null,
    "rendered": Array [
      Object {
        "instance": null,
        "key": undefined,
        "nodeType": "class",
        "props": Object {},
        "ref": null,
        "rendered": null,
        "type": [Function],
      },
      Object {
        "instance": null,
        "key": undefined,
        "nodeType": "host",
        "props": Object {
          "children": <BtnCurrent />,
          "className": "current-page btn-buttons",
        },
        "ref": null,
        "rendered": Object {
          "instance": null,
          "key": undefined,
          "nodeType": "function",
          "props": Object {},
          "ref": null,
          "rendered": null,
          "type": [Function],
        },
        "type": "div",
      },
      Object {
        "instance": null,
        "key": undefined,
        "nodeType": "host",
        "props": Object {
          "children": Array [
            <h1>
              404! Page Not Found
            </h1>,
            <Link
              className="btn btn-primary btn-manage"
              onlyActiveOnIndex={false}
              style={Object {}}
              to="/"
            >
              <i
                className="fa fa-home"
              />
               Homepage
            </Link>,
          ],
          "className": "col-md-12 error-msg",
        },
        "ref": null,
        "rendered": Array [
          Object {
            "instance": null,
            "key": undefined,
            "nodeType": "host",
            "props": Object {
              "children": "404! Page Not Found",
            },
            "ref": null,
            "rendered": "404! Page Not Found",
            "type": "h1",
          },
          Object {
            "instance": null,
            "key": undefined,
            "nodeType": "class",
            "props": Object {
              "children": Array [
                <i
                  className="fa fa-home"
                />,
                " Homepage",
              ],
              "className": "btn btn-primary btn-manage",
              "onlyActiveOnIndex": false,
              "style": Object {},
              "to": "/",
            },
            "ref": null,
            "rendered": Array [
              Object {
                "instance": null,
                "key": undefined,
                "nodeType": "host",
                "props": Object {
                  "className": "fa fa-home",
                },
                "ref": null,
                "rendered": null,
                "type": "i",
              },
              " Homepage",
            ],
            "type": [Function],
          },
        ],
        "type": "div",
      },
      Object {
        "instance": null,
        "key": undefined,
        "nodeType": "function",
        "props": Object {},
        "ref": null,
        "rendered": null,
        "type": [Function],
      },
    ],
    "type": "div",
  },
  Symbol(enzyme.__nodes__): Array [
    Object {
      "instance": null,
      "key": undefined,
      "nodeType": "host",
      "props": Object {
        "children": Array [
          <ReduxForm />,
          <div
            className="current-page btn-buttons"
          >
            <BtnCurrent />
          </div>,
          <div
            className="col-md-12 error-msg"
          >
            <h1>
              404! Page Not Found
            </h1>
            <Link
              className="btn btn-primary btn-manage"
              onlyActiveOnIndex={false}
              style={Object {}}
              to="/"
            >
              <i
                className="fa fa-home"
              />
               Homepage
            </Link>
          </div>,
          <Footer />,
        ],
      },
      "ref": null,
      "rendered": Array [
        Object {
          "instance": null,
          "key": undefined,
          "nodeType": "class",
          "props": Object {},
          "ref": null,
          "rendered": null,
          "type": [Function],
        },
        Object {
          "instance": null,
          "key": undefined,
          "nodeType": "host",
          "props": Object {
            "children": <BtnCurrent />,
            "className": "current-page btn-buttons",
          },
          "ref": null,
          "rendered": Object {
            "instance": null,
            "key": undefined,
            "nodeType": "function",
            "props": Object {},
            "ref": null,
            "rendered": null,
            "type": [Function],
          },
          "type": "div",
        },
        Object {
          "instance": null,
          "key": undefined,
          "nodeType": "host",
          "props": Object {
            "children": Array [
              <h1>
                404! Page Not Found
              </h1>,
              <Link
                className="btn btn-primary btn-manage"
                onlyActiveOnIndex={false}
                style={Object {}}
                to="/"
              >
                <i
                  className="fa fa-home"
                />
                 Homepage
              </Link>,
            ],
            "className": "col-md-12 error-msg",
          },
          "ref": null,
          "rendered": Array [
            Object {
              "instance": null,
              "key": undefined,
              "nodeType": "host",
              "props": Object {
                "children": "404! Page Not Found",
              },
              "ref": null,
              "rendered": "404! Page Not Found",
              "type": "h1",
            },
            Object {
              "instance": null,
              "key": undefined,
              "nodeType": "class",
              "props": Object {
                "children": Array [
                  <i
                    className="fa fa-home"
                  />,
                  " Homepage",
                ],
                "className": "btn btn-primary btn-manage",
                "onlyActiveOnIndex": false,
                "style": Object {},
                "to": "/",
              },
              "ref": null,
              "rendered": Array [
                Object {
                  "instance": null,
                  "key": undefined,
                  "nodeType": "host",
                  "props": Object {
                    "className": "fa fa-home",
                  },
                  "ref": null,
                  "rendered": null,
                  "type": "i",
                },
                " Homepage",
              ],
              "type": [Function],
            },
          ],
          "type": "div",
        },
        Object {
          "instance": null,
          "key": undefined,
          "nodeType": "function",
          "props": Object {},
          "ref": null,
          "rendered": null,
          "type": [Function],
        },
      ],
      "type": "div",
    },
  ],
  Symbol(enzyme.__options__): Object {
    "adapter": ReactSixteenAdapter {
      "options": Object {
        "enableComponentDidUpdateOnSetState": true,
      },
    },
  },
}
`;
